c:\users\paulz\source\cs454-sonic\cs454-sonic\debug\vc143.pdb
c:\users\paulz\source\cs454-sonic\cs454-sonic\debug\vc143.idb
c:\users\paulz\source\cs454-sonic\cs454-sonic\debug\tilemap.obj
c:\users\paulz\source\cs454-sonic\cs454-sonic\debug\tickanimator.obj
c:\users\paulz\source\cs454-sonic\cs454-sonic\debug\systemclock.obj
c:\users\paulz\source\cs454-sonic\cs454-sonic\debug\sprite.obj
c:\users\paulz\source\cs454-sonic\cs454-sonic\debug\scroll.obj
c:\users\paulz\source\cs454-sonic\cs454-sonic\debug\main.obj
c:\users\paulz\source\cs454-sonic\cs454-sonic\debug\gridlayer.obj
c:\users\paulz\source\cs454-sonic\cs454-sonic\debug\gravityhandler.obj
c:\users\paulz\source\cs454-sonic\cs454-sonic\debug\game.obj
c:\users\paulz\source\cs454-sonic\cs454-sonic\debug\display.obj
c:\users\paulz\source\cs454-sonic\cs454-sonic\debug\collisionchecker.obj
c:\users\paulz\source\cs454-sonic\cs454-sonic\debug\clipper.obj
c:\users\paulz\source\cs454-sonic\cs454-sonic\debug\boundingbox.obj
c:\users\paulz\source\cs454-sonic\cs454-sonic\debug\boundingarea.obj
c:\users\paulz\source\cs454-sonic\cs454-sonic\debug\animatormanager.obj
c:\users\paulz\source\cs454-sonic\cs454-sonic\debug\animator.obj
c:\users\paulz\source\cs454-sonic\cs454-sonic\debug\animationfilmholder.obj
c:\users\paulz\source\cs454-sonic\cs454-sonic\debug\coin.obj
c:\users\paulz\source\cs454-sonic\cs454-sonic\debug\character.obj
c:\users\paulz\source\cs454-sonic\debug\cs454-sonic.exe
c:\users\paulz\source\cs454-sonic\cs454-sonic\debug\cs454-sonic.ilk
c:\users\paulz\source\cs454-sonic\debug\cs454-sonic.pdb
c:\users\paulz\source\cs454-sonic\cs454-sonic\debug\cs454-sonic.tlog\cl.command.1.tlog
c:\users\paulz\source\cs454-sonic\cs454-sonic\debug\cs454-sonic.tlog\cl.items.tlog
c:\users\paulz\source\cs454-sonic\cs454-sonic\debug\cs454-sonic.tlog\cl.read.1.tlog
c:\users\paulz\source\cs454-sonic\cs454-sonic\debug\cs454-sonic.tlog\cl.write.1.tlog
c:\users\paulz\source\cs454-sonic\cs454-sonic\debug\cs454-sonic.tlog\link.command.1.tlog
c:\users\paulz\source\cs454-sonic\cs454-sonic\debug\cs454-sonic.tlog\link.read.1.tlog
c:\users\paulz\source\cs454-sonic\cs454-sonic\debug\cs454-sonic.tlog\link.write.1.tlog
